---
source: zellij-server/src/./unit/screen_tests.rs
expression: "format!(\"{:?}\", *received_pty_instructions.lock().unwrap())"
---
[StartCachingResizes, ApplyCachedResizes, StartCachingResizes, ResizePty(0, 119, 18, Some(952), Some(288)), ResizePty(0, 119, 18, Some(952), Some(288)), ResizePty(0, 119, 18, Some(952), Some(288)), ResizePty(0, 119, 18, Some(952), Some(288)), ApplyCachedResizes, ResizePty(0, 119, 18, Some(952), Some(288)), ResizePty(0, 119, 18, Some(952), Some(288)), ResizePty(0, 119, 18, Some(952), Some(288)), ResizePty(0, 119, 18, Some(952), Some(288)), ResizePty(0, 119, 18, Some(952), Some(288)), ApplyCachedResizes, ApplyCachedResizes, ApplyCachedResizes, StartCachingResizes, ApplyCachedResizes, StartCachingResizes, ApplyCachedResizes, StartCachingResizes, ApplyCachedResizes, StartCachingResizes, Write([102, 111, 111], 0), ApplyCachedResizes, StartCachingResizes, ApplyCachedResizes, Exit]
